[debug] [2025-12-15T11:52:04.173Z] ----------------------------------------------------------------------
[debug] [2025-12-15T11:52:04.185Z] Command:       C:\Program Files\nodejs\node.exe C:\Users\AGHASSY\AppData\Roaming\npm\node_modules\firebase-tools\lib\bin\firebase.js init functions
[debug] [2025-12-15T11:52:04.186Z] CLI Version:   14.3.0
[debug] [2025-12-15T11:52:04.186Z] Platform:      win32
[debug] [2025-12-15T11:52:04.186Z] Node Version:  v22.15.0
[debug] [2025-12-15T11:52:04.186Z] Time:          Mon Dec 15 2025 03:52:04 GMT-0800 (Pacific Standard Time)
[debug] [2025-12-15T11:52:04.186Z] ----------------------------------------------------------------------
[debug] 
[debug] [2025-12-15T11:52:04.190Z] >>> [apiv2][query] GET https://firebase-public.firebaseio.com/cli.json [none]
[debug] [2025-12-15T11:52:04.261Z] > command requires scopes: ["email","openid","https://www.googleapis.com/auth/cloudplatformprojects.readonly","https://www.googleapis.com/auth/firebase","https://www.googleapis.com/auth/cloud-platform"]
[debug] [2025-12-15T11:52:04.261Z] > authorizing via signed-in user (ahmedaghassy818@gmail.com)
[info] 
     ######## #### ########  ######## ########     ###     ######  ########
     ##        ##  ##     ## ##       ##     ##  ##   ##  ##       ##
     ######    ##  ########  ######   ########  #########  ######  ######
     ##        ##  ##    ##  ##       ##     ## ##     ##       ## ##
     ##       #### ##     ## ######## ########  ##     ##  ######  ########

You're about to initialize a Firebase project in this directory:

  D:\FlutterProjects\untitled

[debug] [2025-12-15T11:52:05.487Z] <<< [apiv2][status] GET https://firebase-public.firebaseio.com/cli.json 200
[debug] [2025-12-15T11:52:05.487Z] <<< [apiv2][body] GET https://firebase-public.firebaseio.com/cli.json {"cloudBuildErrorAfter":1594252800000,"cloudBuildWarnAfter":1590019200000,"defaultNode10After":1594252800000,"minVersion":"3.0.5","node8DeploysDisabledAfter":1613390400000,"node8RuntimeDisabledAfter":1615809600000,"node8WarnAfter":1600128000000}
[info] 
=== Project Setup
[info] 
[info] First, let's associate this project directory with a Firebase project.
[info] You can create multiple project aliases by running firebase use --add, 
[info] but for now we'll just set up a default project.
[info] 
[debug] [2025-12-15T11:53:12.922Z] Checked if tokens are valid: false, expires at: 1746732028498
[debug] [2025-12-15T11:53:12.922Z] Checked if tokens are valid: false, expires at: 1746732028498
[debug] [2025-12-15T11:53:12.922Z] > refreshing access token with scopes: []
[debug] [2025-12-15T11:53:12.923Z] >>> [apiv2][query] POST https://www.googleapis.com/oauth2/v3/token [none]
[debug] [2025-12-15T11:53:12.923Z] >>> [apiv2][body] POST https://www.googleapis.com/oauth2/v3/token [omitted]
[debug] [2025-12-15T11:53:14.519Z] <<< [apiv2][status] POST https://www.googleapis.com/oauth2/v3/token 400
[debug] [2025-12-15T11:53:14.519Z] <<< [apiv2][body] POST https://www.googleapis.com/oauth2/v3/token [omitted]
[debug] [2025-12-15T11:53:14.520Z] >>> [apiv2][query] GET https://firebase.googleapis.com/v1beta1/projects pageSize=100
[debug] [2025-12-15T11:53:16.204Z] <<< [apiv2][status] GET https://firebase.googleapis.com/v1beta1/projects 401
[debug] [2025-12-15T11:53:16.204Z] <<< [apiv2][body] GET https://firebase.googleapis.com/v1beta1/projects [omitted]
[debug] [2025-12-15T11:53:16.204Z] Got a 401 Unauthenticated error for a call that required authentication. Refreshing tokens.
[debug] [2025-12-15T11:53:16.205Z] Checked if tokens are valid: false, expires at: 1746732028498
[debug] [2025-12-15T11:53:16.205Z] Checked if tokens are valid: false, expires at: 1746732028498
[debug] [2025-12-15T11:53:16.205Z] > refreshing access token with scopes: []
[debug] [2025-12-15T11:53:16.205Z] >>> [apiv2][query] POST https://www.googleapis.com/oauth2/v3/token [none]
[debug] [2025-12-15T11:53:16.205Z] >>> [apiv2][body] POST https://www.googleapis.com/oauth2/v3/token [omitted]
[debug] [2025-12-15T11:53:16.681Z] <<< [apiv2][status] POST https://www.googleapis.com/oauth2/v3/token 400
[debug] [2025-12-15T11:53:16.681Z] <<< [apiv2][body] POST https://www.googleapis.com/oauth2/v3/token [omitted]
[debug] [2025-12-15T11:53:16.682Z] Request to https://firebase.googleapis.com/v1beta1/projects?pageSize=100 had HTTP Error: 401, Request had invalid authentication credentials. Expected OAuth 2 access token, login cookie or other valid authentication credential. See https://developers.google.com/identity/sign-in/web/devconsole-project.
[debug] [2025-12-15T11:53:18.493Z] FirebaseError: Request to https://firebase.googleapis.com/v1beta1/projects?pageSize=100 had HTTP Error: 401, Request had invalid authentication credentials. Expected OAuth 2 access token, login cookie or other valid authentication credential. See https://developers.google.com/identity/sign-in/web/devconsole-project.
    at responseToError (C:\Users\AGHASSY\AppData\Roaming\npm\node_modules\firebase-tools\lib\responseToError.js:52:12)
    at RetryOperation._fn (C:\Users\AGHASSY\AppData\Roaming\npm\node_modules\firebase-tools\lib\apiv2.js:312:77)
    at process.processTicksAndRejections (node:internal/process/task_queues:105:5)
[error] 
[error] Error: Failed to list Firebase projects. See firebase-debug.log for more info.
[debug] [2025-12-15T11:56:44.017Z] ----------------------------------------------------------------------
[debug] [2025-12-15T11:56:44.020Z] Command:       C:\Program Files\nodejs\node.exe C:\Users\AGHASSY\AppData\Roaming\npm\node_modules\firebase-tools\lib\bin\firebase.js init functions
[debug] [2025-12-15T11:56:44.020Z] CLI Version:   14.3.0
[debug] [2025-12-15T11:56:44.020Z] Platform:      win32
[debug] [2025-12-15T11:56:44.020Z] Node Version:  v22.15.0
[debug] [2025-12-15T11:56:44.021Z] Time:          Mon Dec 15 2025 03:56:44 GMT-0800 (Pacific Standard Time)
[debug] [2025-12-15T11:56:44.022Z] ----------------------------------------------------------------------
[debug] 
[debug] [2025-12-15T11:56:44.029Z] > command requires scopes: ["email","openid","https://www.googleapis.com/auth/cloudplatformprojects.readonly","https://www.googleapis.com/auth/firebase","https://www.googleapis.com/auth/cloud-platform"]
[debug] [2025-12-15T11:56:44.030Z] > authorizing via signed-in user (ahmedaghassy818@gmail.com)
[info] 
     ######## #### ########  ######## ########     ###     ######  ########
     ##        ##  ##     ## ##       ##     ##  ##   ##  ##       ##
     ######    ##  ########  ######   ########  #########  ######  ######
     ##        ##  ##    ##  ##       ##     ## ##     ##       ## ##
     ##       #### ##     ## ######## ########  ##     ##  ######  ########

You're about to initialize a Firebase project in this directory:

  D:\FlutterProjects\untitled

[info] 
=== Project Setup
[info] 
[info] First, let's associate this project directory with a Firebase project.
[info] You can create multiple project aliases by running firebase use --add, 
[info] but for now we'll just set up a default project.
[info] 
[debug] [2025-12-15T11:58:43.244Z] Checked if tokens are valid: false, expires at: 1746732028498
[debug] [2025-12-15T11:58:43.244Z] Checked if tokens are valid: false, expires at: 1746732028498
[debug] [2025-12-15T11:58:43.244Z] > refreshing access token with scopes: []
[debug] [2025-12-15T11:58:43.246Z] >>> [apiv2][query] POST https://www.googleapis.com/oauth2/v3/token [none]
[debug] [2025-12-15T11:58:43.247Z] >>> [apiv2][body] POST https://www.googleapis.com/oauth2/v3/token [omitted]
[debug] [2025-12-15T11:58:44.506Z] <<< [apiv2][status] POST https://www.googleapis.com/oauth2/v3/token 400
[debug] [2025-12-15T11:58:44.507Z] <<< [apiv2][body] POST https://www.googleapis.com/oauth2/v3/token [omitted]
[debug] [2025-12-15T11:58:44.507Z] >>> [apiv2][query] GET https://firebase.googleapis.com/v1beta1/projects pageSize=100
[debug] [2025-12-15T11:58:47.431Z] <<< [apiv2][status] GET https://firebase.googleapis.com/v1beta1/projects 401
[debug] [2025-12-15T11:58:47.431Z] <<< [apiv2][body] GET https://firebase.googleapis.com/v1beta1/projects [omitted]
[debug] [2025-12-15T11:58:47.431Z] Got a 401 Unauthenticated error for a call that required authentication. Refreshing tokens.
[debug] [2025-12-15T11:58:47.431Z] Checked if tokens are valid: false, expires at: 1746732028498
[debug] [2025-12-15T11:58:47.431Z] Checked if tokens are valid: false, expires at: 1746732028498
[debug] [2025-12-15T11:58:47.431Z] > refreshing access token with scopes: []
[debug] [2025-12-15T11:58:47.432Z] >>> [apiv2][query] POST https://www.googleapis.com/oauth2/v3/token [none]
[debug] [2025-12-15T11:58:47.432Z] >>> [apiv2][body] POST https://www.googleapis.com/oauth2/v3/token [omitted]
[debug] [2025-12-15T11:58:47.640Z] <<< [apiv2][status] POST https://www.googleapis.com/oauth2/v3/token 400
[debug] [2025-12-15T11:58:47.640Z] <<< [apiv2][body] POST https://www.googleapis.com/oauth2/v3/token [omitted]
[debug] [2025-12-15T11:58:47.641Z] Request to https://firebase.googleapis.com/v1beta1/projects?pageSize=100 had HTTP Error: 401, Request had invalid authentication credentials. Expected OAuth 2 access token, login cookie or other valid authentication credential. See https://developers.google.com/identity/sign-in/web/devconsole-project.
[debug] [2025-12-15T11:58:49.055Z] FirebaseError: Request to https://firebase.googleapis.com/v1beta1/projects?pageSize=100 had HTTP Error: 401, Request had invalid authentication credentials. Expected OAuth 2 access token, login cookie or other valid authentication credential. See https://developers.google.com/identity/sign-in/web/devconsole-project.
    at responseToError (C:\Users\AGHASSY\AppData\Roaming\npm\node_modules\firebase-tools\lib\responseToError.js:52:12)
    at RetryOperation._fn (C:\Users\AGHASSY\AppData\Roaming\npm\node_modules\firebase-tools\lib\apiv2.js:312:77)
    at process.processTicksAndRejections (node:internal/process/task_queues:105:5)
[error] 
[error] Error: Failed to list Firebase projects. See firebase-debug.log for more info.
